# Logfile created on 2019-12-17 00:44:11 +0700 by logger.rb/66358
I, [2019-12-17T00:44:39.774173 #28553]  INFO -- : Started GET "/" for 127.0.0.1 at 2019-12-17 00:44:39 +0700
I, [2019-12-17T00:44:39.774233 #28553]  INFO -- : Processing RunnersController#index
I, [2019-12-17T00:44:39.774307 #28553]  INFO -- :   Event: {"resource":"/","path":"/","httpMethod":"GET","headers":{"Version":"HTTP/1.1","Host":"localhost:8888","Connection":"keep-alive","User-Agent":"Mozilla/5.0 (X11; Linux x86_64) AppleWebKit/537.36 (KHTML, like Gecko) Chrome/79.0.3945.79 Safari/537.36","Sec-Fetch-User":"?1","Accept":"text/html,application/xhtml+xml,application/xml;q=0.9,image/webp,image/apng,*/*;q=0.8,application/signed-exchange;v=b3;q=0.9","Sec-Fetch-Site":"cross-site","Sec-Fetch-Mode":"navigate","Accept-Encoding":"gzip, deflate, br","Accept-Language":"en-US,en;q=0.9","Cookie":"_gitlab_session_a24b3baf1c35ad7e26e705b9907a1bab7e6c5da30d00d25bbc72b8c72d95127a=ee2e9b93b45428a5a54bad4daaf0a7fd; _gitlab_session_c4628f1a5f536296ea5ba6250dd6522b6dae97e765f176be56cdcfdf5e81ae93=7aec705ba423aea6f5925bd35e35750f; _gitlab_session_1f2627210d4756a6e4acc2b8e773eb9d7a3c488c45d739c9ff9833d30701887d=4f38612ff4b23d1d9e1b0b6eb8ae3455; perf_bar_enabled=false; _railsgirls_session=DZLrvFnWnL52SiXGN92poeCv%2F6o2iMVrnmQBIg%2FAw7bO4ZrP84beHfTdEBEJ8Ef%2BeruiC6nlKfA67jAd0Fix9oI%2Fq%2BElqcQGiq7SemEOzED85EHZfjUPNWe%2FZ6EP1d98B%2B%2B2oqXvexfB7%2B1KBak%3D--E8cKIeFi%2Bag%2BAvvb--QL73ZzXTU3%2BfLtE%2BF2nrag%3D%3D; event_filter=all; _gitlab_session_bff27e31a757d2119a520801d57f98c903bb38b4a341633d44bba0c9a4f91a2f=90ec6bbaf1764e2133c713c009fde014; sidebar_collapsed=true; collapsed_gutter=true; _gitlab_session_68e1da3f6b997fa748f209a1502463d6b93208ae411bd5ea1ee9c67826a2461e=ecdf61ccbd2cf375e20a8f6332cd71f1; _demo_session=cOg5Y4j8GrGETiNp6%2FGaZ%2BX5joiKy8ma%2B3VHl4L7QoxIySSdCtw2e8QanA2HN%2BqddlwP%2Fb3sJaD3SYu87Pa1qao%2B%2ButaJOHG5QPaYzFZx%2BX9IIAEF14gr76C372rp0%2BnccWExlX9Fr%2BR2%2BZVPqU%3D--D3hXhhWnZhbln2Ej--TCBjSRb8YT5%2B5%2F2xzdiVmg%3D%3D; redirect_to=%252F; _michi_example_rails_session=eCnLcHn%2BuyYCULHtzuMmq8OmRUShEau19GlC8UWcOB6W3NtlNA%2BrCGqkHBuSOe%2BKje2HbzKComdx0urKb1IVfiymFUOJeHi%2F7ACIZgRUGS9GFi1E1AExTMQgSXSFBJMZ%2BHHaKgcKC%2BSyqo7gPi4WdLBdzkdTRt%2FbqJq0qA9LlnJrtgJHGbUYAvFtulC33Rsklw%2BrK5BuGjogi1tXuf4i%2FU1b%2B2hMBY4%2B9Xnh0Ydj0K6Udt100SyPAl3IXHCdvq8XGJwPM1wdh%2BYAcUF9EVguckilmD3wmmGrNttO3BD%2FRxDj9hhr--Y5GddlNNyDoP%2B2iU--86DEB9XNWQrUAlStIUIJ6Q%3D%3D; rack.session=BAh7B0kiD3Nlc3Npb25faWQGOgZFVEkiRTg1Mzc5ZTJlZmJmMmY0MWVjYmZm%0AYWNhYWZhNGRmMWJmYTIwZGRhOWFlNDVjZmJmMGZmNDM2ODE1YTY0ZjYzNTUG%0AOwBGSSIXYXV0aGVudGljaXR5X3Rva2VuBjsARkkiRWZlMWQ0NmU0M2JlYzM1%0AMWY4ZTcwMTBhYjQ5YmE3NWVkZjFlNTA0YWU3MDk0N2E3NzcyN2NiZjJiNzA3%0AYjEwYWEGOwBG%0A--8fd97d874293a182dc8f8fb7c7334c43dbfbf587","cache-control":"max-age=0","upgrade-insecure-requests":"1"},"queryStringParameters":{},"pathParameters":null,"stageVariables":null,"requestContext":{},"body":null,"isBase64Encoded":false}
I, [2019-12-17T00:44:39.774345 #28553]  INFO -- :   Parameters: {}
I, [2019-12-17T00:44:39.885243 #28553]  INFO -- : Completed Status Code 200 in 0.111110147s
I, [2019-12-17T00:44:52.564157 #28553]  INFO -- : Started GET "/" for 127.0.0.1 at 2019-12-17 00:44:52 +0700
I, [2019-12-17T00:44:52.566710 #28553]  INFO -- : Processing RunnersController#index
I, [2019-12-17T00:44:52.569118 #28553]  INFO -- :   Event: {"resource":"/","path":"/","httpMethod":"GET","headers":{"Version":"HTTP/1.1","Host":"localhost:8888","Connection":"keep-alive","User-Agent":"Mozilla/5.0 (X11; Linux x86_64) AppleWebKit/537.36 (KHTML, like Gecko) Chrome/79.0.3945.79 Safari/537.36","Sec-Fetch-User":"?1","Accept":"text/html,application/xhtml+xml,application/xml;q=0.9,image/webp,image/apng,*/*;q=0.8,application/signed-exchange;v=b3;q=0.9","Sec-Fetch-Site":"cross-site","Sec-Fetch-Mode":"navigate","Accept-Encoding":"gzip, deflate, br","Accept-Language":"en-US,en;q=0.9","Cookie":"_gitlab_session_a24b3baf1c35ad7e26e705b9907a1bab7e6c5da30d00d25bbc72b8c72d95127a=ee2e9b93b45428a5a54bad4daaf0a7fd; _gitlab_session_c4628f1a5f536296ea5ba6250dd6522b6dae97e765f176be56cdcfdf5e81ae93=7aec705ba423aea6f5925bd35e35750f; _gitlab_session_1f2627210d4756a6e4acc2b8e773eb9d7a3c488c45d739c9ff9833d30701887d=4f38612ff4b23d1d9e1b0b6eb8ae3455; perf_bar_enabled=false; _railsgirls_session=DZLrvFnWnL52SiXGN92poeCv%2F6o2iMVrnmQBIg%2FAw7bO4ZrP84beHfTdEBEJ8Ef%2BeruiC6nlKfA67jAd0Fix9oI%2Fq%2BElqcQGiq7SemEOzED85EHZfjUPNWe%2FZ6EP1d98B%2B%2B2oqXvexfB7%2B1KBak%3D--E8cKIeFi%2Bag%2BAvvb--QL73ZzXTU3%2BfLtE%2BF2nrag%3D%3D; event_filter=all; _gitlab_session_bff27e31a757d2119a520801d57f98c903bb38b4a341633d44bba0c9a4f91a2f=90ec6bbaf1764e2133c713c009fde014; sidebar_collapsed=true; collapsed_gutter=true; _gitlab_session_68e1da3f6b997fa748f209a1502463d6b93208ae411bd5ea1ee9c67826a2461e=ecdf61ccbd2cf375e20a8f6332cd71f1; _demo_session=cOg5Y4j8GrGETiNp6%2FGaZ%2BX5joiKy8ma%2B3VHl4L7QoxIySSdCtw2e8QanA2HN%2BqddlwP%2Fb3sJaD3SYu87Pa1qao%2B%2ButaJOHG5QPaYzFZx%2BX9IIAEF14gr76C372rp0%2BnccWExlX9Fr%2BR2%2BZVPqU%3D--D3hXhhWnZhbln2Ej--TCBjSRb8YT5%2B5%2F2xzdiVmg%3D%3D; redirect_to=%252F; _michi_example_rails_session=eCnLcHn%2BuyYCULHtzuMmq8OmRUShEau19GlC8UWcOB6W3NtlNA%2BrCGqkHBuSOe%2BKje2HbzKComdx0urKb1IVfiymFUOJeHi%2F7ACIZgRUGS9GFi1E1AExTMQgSXSFBJMZ%2BHHaKgcKC%2BSyqo7gPi4WdLBdzkdTRt%2FbqJq0qA9LlnJrtgJHGbUYAvFtulC33Rsklw%2BrK5BuGjogi1tXuf4i%2FU1b%2B2hMBY4%2B9Xnh0Ydj0K6Udt100SyPAl3IXHCdvq8XGJwPM1wdh%2BYAcUF9EVguckilmD3wmmGrNttO3BD%2FRxDj9hhr--Y5GddlNNyDoP%2B2iU--86DEB9XNWQrUAlStIUIJ6Q%3D%3D; rack.session=BAh7B0kiD3Nlc3Npb25faWQGOgZFVEkiRTg1Mzc5ZTJlZmJmMmY0MWVjYmZm%0AYWNhYWZhNGRmMWJmYTIwZGRhOWFlNDVjZmJmMGZmNDM2ODE1YTY0ZjYzNTUG%0AOwBGSSIXYXV0aGVudGljaXR5X3Rva2VuBjsARkkiRWZjYzgyN2ViODM3OGM0%0AYTY0YWM2YTI4OWZjZGM5Yzc4ZGViNDJlZGRkN2Q3ZTJhNjUyNTk4NDEzNmY1%0AZjNhZTMGOwBG%0A--935165f7b5828092e233ec9b28fcf3bc5dfeb18e","cache-control":"max-age=0","upgrade-insecure-requests":"1"},"queryStringParameters":{},"pathParameters":null,"stageVariables":null,"requestContext":{},"body":null,"isBase64Encoded":false}
I, [2019-12-17T00:44:52.569258 #28553]  INFO -- :   Parameters: {}
I, [2019-12-17T00:44:52.609965 #28553]  INFO -- : Completed Status Code 200 in 0.045891128s
I, [2019-12-17T00:45:10.433286 #28553]  INFO -- : Started GET "/" for 127.0.0.1 at 2019-12-17 00:45:10 +0700
I, [2019-12-17T00:45:10.433349 #28553]  INFO -- : Processing RunnersController#index
I, [2019-12-17T00:45:10.433430 #28553]  INFO -- :   Event: {"resource":"/","path":"/","httpMethod":"GET","headers":{"Version":"HTTP/1.1","Host":"localhost:8888","Connection":"keep-alive","User-Agent":"Mozilla/5.0 (X11; Linux x86_64) AppleWebKit/537.36 (KHTML, like Gecko) Chrome/79.0.3945.79 Safari/537.36","Sec-Fetch-User":"?1","Accept":"text/html,application/xhtml+xml,application/xml;q=0.9,image/webp,image/apng,*/*;q=0.8,application/signed-exchange;v=b3;q=0.9","Sec-Fetch-Site":"cross-site","Sec-Fetch-Mode":"navigate","Accept-Encoding":"gzip, deflate, br","Accept-Language":"en-US,en;q=0.9","Cookie":"_gitlab_session_a24b3baf1c35ad7e26e705b9907a1bab7e6c5da30d00d25bbc72b8c72d95127a=ee2e9b93b45428a5a54bad4daaf0a7fd; _gitlab_session_c4628f1a5f536296ea5ba6250dd6522b6dae97e765f176be56cdcfdf5e81ae93=7aec705ba423aea6f5925bd35e35750f; _gitlab_session_1f2627210d4756a6e4acc2b8e773eb9d7a3c488c45d739c9ff9833d30701887d=4f38612ff4b23d1d9e1b0b6eb8ae3455; perf_bar_enabled=false; _railsgirls_session=DZLrvFnWnL52SiXGN92poeCv%2F6o2iMVrnmQBIg%2FAw7bO4ZrP84beHfTdEBEJ8Ef%2BeruiC6nlKfA67jAd0Fix9oI%2Fq%2BElqcQGiq7SemEOzED85EHZfjUPNWe%2FZ6EP1d98B%2B%2B2oqXvexfB7%2B1KBak%3D--E8cKIeFi%2Bag%2BAvvb--QL73ZzXTU3%2BfLtE%2BF2nrag%3D%3D; event_filter=all; _gitlab_session_bff27e31a757d2119a520801d57f98c903bb38b4a341633d44bba0c9a4f91a2f=90ec6bbaf1764e2133c713c009fde014; sidebar_collapsed=true; collapsed_gutter=true; _gitlab_session_68e1da3f6b997fa748f209a1502463d6b93208ae411bd5ea1ee9c67826a2461e=ecdf61ccbd2cf375e20a8f6332cd71f1; _demo_session=cOg5Y4j8GrGETiNp6%2FGaZ%2BX5joiKy8ma%2B3VHl4L7QoxIySSdCtw2e8QanA2HN%2BqddlwP%2Fb3sJaD3SYu87Pa1qao%2B%2ButaJOHG5QPaYzFZx%2BX9IIAEF14gr76C372rp0%2BnccWExlX9Fr%2BR2%2BZVPqU%3D--D3hXhhWnZhbln2Ej--TCBjSRb8YT5%2B5%2F2xzdiVmg%3D%3D; redirect_to=%252F; _michi_example_rails_session=eCnLcHn%2BuyYCULHtzuMmq8OmRUShEau19GlC8UWcOB6W3NtlNA%2BrCGqkHBuSOe%2BKje2HbzKComdx0urKb1IVfiymFUOJeHi%2F7ACIZgRUGS9GFi1E1AExTMQgSXSFBJMZ%2BHHaKgcKC%2BSyqo7gPi4WdLBdzkdTRt%2FbqJq0qA9LlnJrtgJHGbUYAvFtulC33Rsklw%2BrK5BuGjogi1tXuf4i%2FU1b%2B2hMBY4%2B9Xnh0Ydj0K6Udt100SyPAl3IXHCdvq8XGJwPM1wdh%2BYAcUF9EVguckilmD3wmmGrNttO3BD%2FRxDj9hhr--Y5GddlNNyDoP%2B2iU--86DEB9XNWQrUAlStIUIJ6Q%3D%3D; rack.session=BAh7B0kiD3Nlc3Npb25faWQGOgZFVEkiRTg1Mzc5ZTJlZmJmMmY0MWVjYmZm%0AYWNhYWZhNGRmMWJmYTIwZGRhOWFlNDVjZmJmMGZmNDM2ODE1YTY0ZjYzNTUG%0AOwBGSSIXYXV0aGVudGljaXR5X3Rva2VuBjsARkkiRTU1YWEyOTg2NDI5MTRk%0AZDVlNjI3ZGE5ZWIxMjlkNTE3YTE1NTgxOTJjYTI5MzA3OGVkODVmOGEyYTM1%0AZjkzNTMGOwBG%0A--60041bec39304c05008e17d3de9b93513b3edac0","cache-control":"max-age=0","upgrade-insecure-requests":"1"},"queryStringParameters":{},"pathParameters":null,"stageVariables":null,"requestContext":{},"body":null,"isBase64Encoded":false}
I, [2019-12-17T00:45:10.434220 #28553]  INFO -- :   Parameters: {}
I, [2019-12-17T00:45:10.516799 #28553]  INFO -- : Completed Status Code 200 in 0.083546731s
I, [2019-12-17T00:47:47.294277 #28553]  INFO -- : Started GET "/" for 127.0.0.1 at 2019-12-17 00:47:47 +0700
I, [2019-12-17T00:47:47.294332 #28553]  INFO -- : Processing RunnersController#index
I, [2019-12-17T00:47:47.294398 #28553]  INFO -- :   Event: {"resource":"/","path":"/","httpMethod":"GET","headers":{"Version":"HTTP/1.1","Host":"localhost:8888","Connection":"keep-alive","User-Agent":"Mozilla/5.0 (X11; Linux x86_64) AppleWebKit/537.36 (KHTML, like Gecko) Chrome/79.0.3945.79 Safari/537.36","Sec-Fetch-User":"?1","Accept":"text/html,application/xhtml+xml,application/xml;q=0.9,image/webp,image/apng,*/*;q=0.8,application/signed-exchange;v=b3;q=0.9","Sec-Fetch-Site":"cross-site","Sec-Fetch-Mode":"navigate","Accept-Encoding":"gzip, deflate, br","Accept-Language":"en-US,en;q=0.9","Cookie":"_gitlab_session_a24b3baf1c35ad7e26e705b9907a1bab7e6c5da30d00d25bbc72b8c72d95127a=ee2e9b93b45428a5a54bad4daaf0a7fd; _gitlab_session_c4628f1a5f536296ea5ba6250dd6522b6dae97e765f176be56cdcfdf5e81ae93=7aec705ba423aea6f5925bd35e35750f; _gitlab_session_1f2627210d4756a6e4acc2b8e773eb9d7a3c488c45d739c9ff9833d30701887d=4f38612ff4b23d1d9e1b0b6eb8ae3455; perf_bar_enabled=false; _railsgirls_session=DZLrvFnWnL52SiXGN92poeCv%2F6o2iMVrnmQBIg%2FAw7bO4ZrP84beHfTdEBEJ8Ef%2BeruiC6nlKfA67jAd0Fix9oI%2Fq%2BElqcQGiq7SemEOzED85EHZfjUPNWe%2FZ6EP1d98B%2B%2B2oqXvexfB7%2B1KBak%3D--E8cKIeFi%2Bag%2BAvvb--QL73ZzXTU3%2BfLtE%2BF2nrag%3D%3D; event_filter=all; _gitlab_session_bff27e31a757d2119a520801d57f98c903bb38b4a341633d44bba0c9a4f91a2f=90ec6bbaf1764e2133c713c009fde014; sidebar_collapsed=true; collapsed_gutter=true; _gitlab_session_68e1da3f6b997fa748f209a1502463d6b93208ae411bd5ea1ee9c67826a2461e=ecdf61ccbd2cf375e20a8f6332cd71f1; _demo_session=cOg5Y4j8GrGETiNp6%2FGaZ%2BX5joiKy8ma%2B3VHl4L7QoxIySSdCtw2e8QanA2HN%2BqddlwP%2Fb3sJaD3SYu87Pa1qao%2B%2ButaJOHG5QPaYzFZx%2BX9IIAEF14gr76C372rp0%2BnccWExlX9Fr%2BR2%2BZVPqU%3D--D3hXhhWnZhbln2Ej--TCBjSRb8YT5%2B5%2F2xzdiVmg%3D%3D; redirect_to=%252F; _michi_example_rails_session=eCnLcHn%2BuyYCULHtzuMmq8OmRUShEau19GlC8UWcOB6W3NtlNA%2BrCGqkHBuSOe%2BKje2HbzKComdx0urKb1IVfiymFUOJeHi%2F7ACIZgRUGS9GFi1E1AExTMQgSXSFBJMZ%2BHHaKgcKC%2BSyqo7gPi4WdLBdzkdTRt%2FbqJq0qA9LlnJrtgJHGbUYAvFtulC33Rsklw%2BrK5BuGjogi1tXuf4i%2FU1b%2B2hMBY4%2B9Xnh0Ydj0K6Udt100SyPAl3IXHCdvq8XGJwPM1wdh%2BYAcUF9EVguckilmD3wmmGrNttO3BD%2FRxDj9hhr--Y5GddlNNyDoP%2B2iU--86DEB9XNWQrUAlStIUIJ6Q%3D%3D; rack.session=BAh7B0kiD3Nlc3Npb25faWQGOgZFVEkiRTg1Mzc5ZTJlZmJmMmY0MWVjYmZm%0AYWNhYWZhNGRmMWJmYTIwZGRhOWFlNDVjZmJmMGZmNDM2ODE1YTY0ZjYzNTUG%0AOwBGSSIXYXV0aGVudGljaXR5X3Rva2VuBjsARkkiRTI1M2Q2YTI5ZjlkMTcy%0AMmZhZmFiOTM1ZjhhYzAxZTBkOGQ3Mjg1NTdhMDU1ZmMzNGE2N2RjZTE2Yzdl%0ANjA0YTYGOwBG%0A--7b7cc72de9d613fa74ff59e4fcf49ea941784b8a","cache-control":"max-age=0","upgrade-insecure-requests":"1"},"queryStringParameters":{},"pathParameters":null,"stageVariables":null,"requestContext":{},"body":null,"isBase64Encoded":false}
I, [2019-12-17T00:47:47.294435 #28553]  INFO -- :   Parameters: {}
I, [2019-12-17T00:47:47.351493 #28553]  INFO -- : Completed Status Code 200 in 0.057241959s
